mode: set
github.com/test/code-coverage/main.go:13.23,59.2 40 1
github.com/test/code-coverage/main.go:61.13,63.2 1 0
github.com/test/code-coverage/stringutils/stringutils.go:9.31,11.54 2 1
github.com/test/code-coverage/stringutils/stringutils.go:11.54,13.3 1 1
github.com/test/code-coverage/stringutils/stringutils.go:14.2,14.22 1 1
github.com/test/code-coverage/stringutils/stringutils.go:18.34,21.19 3 1
github.com/test/code-coverage/stringutils/stringutils.go:21.19,22.26 1 1
github.com/test/code-coverage/stringutils/stringutils.go:22.26,24.4 1 1
github.com/test/code-coverage/stringutils/stringutils.go:25.3,26.10 2 1
github.com/test/code-coverage/stringutils/stringutils.go:28.2,28.13 1 1
github.com/test/code-coverage/stringutils/stringutils.go:32.34,34.2 1 1
github.com/test/code-coverage/stringutils/stringutils.go:37.32,40.25 3 1
github.com/test/code-coverage/stringutils/stringutils.go:40.25,41.41 1 1
github.com/test/code-coverage/stringutils/stringutils.go:41.41,43.4 1 1
github.com/test/code-coverage/stringutils/stringutils.go:45.2,45.14 1 1
github.com/test/code-coverage/stringutils/stringutils.go:49.29,50.17 1 1
github.com/test/code-coverage/stringutils/stringutils.go:50.17,52.3 1 1
github.com/test/code-coverage/stringutils/stringutils.go:53.2,53.25 1 1
github.com/test/code-coverage/stringutils/stringutils.go:53.25,54.30 1 1
github.com/test/code-coverage/stringutils/stringutils.go:54.30,56.4 1 1
github.com/test/code-coverage/stringutils/stringutils.go:58.2,58.13 1 1
github.com/test/code-coverage/stringutils/stringutils.go:62.31,63.17 1 1
github.com/test/code-coverage/stringutils/stringutils.go:63.17,65.3 1 1
github.com/test/code-coverage/stringutils/stringutils.go:66.2,66.25 1 1
github.com/test/code-coverage/stringutils/stringutils.go:66.25,67.29 1 1
github.com/test/code-coverage/stringutils/stringutils.go:67.29,69.4 1 1
github.com/test/code-coverage/stringutils/stringutils.go:71.2,71.13 1 1
github.com/test/code-coverage/stringutils/stringutils.go:75.38,77.2 1 1
github.com/test/code-coverage/stringutils/stringutils.go:80.36,82.2 1 1
github.com/test/code-coverage/stringutils/stringutils.go:85.30,88.2 2 1
github.com/test/code-coverage/stringutils/stringutils.go:91.34,93.2 1 1
github.com/test/code-coverage/calculator/calculator.go:6.24,8.2 1 1
github.com/test/code-coverage/calculator/calculator.go:11.29,13.2 1 1
github.com/test/code-coverage/calculator/calculator.go:16.29,18.2 1 1
github.com/test/code-coverage/calculator/calculator.go:21.36,22.12 1 1
github.com/test/code-coverage/calculator/calculator.go:22.12,24.3 1 1
github.com/test/code-coverage/calculator/calculator.go:25.2,25.19 1 1
github.com/test/code-coverage/calculator/calculator.go:29.25,31.2 1 1
github.com/test/code-coverage/calculator/calculator.go:34.24,35.11 1 1
github.com/test/code-coverage/calculator/calculator.go:35.11,37.3 1 1
github.com/test/code-coverage/calculator/calculator.go:38.2,38.10 1 1
github.com/test/code-coverage/calculator/calculator.go:42.24,43.11 1 1
github.com/test/code-coverage/calculator/calculator.go:43.11,45.3 1 1
github.com/test/code-coverage/calculator/calculator.go:46.2,46.10 1 1
github.com/test/code-coverage/calculator/calculator.go:50.21,51.11 1 1
github.com/test/code-coverage/calculator/calculator.go:51.11,53.3 1 1
github.com/test/code-coverage/calculator/calculator.go:54.2,54.10 1 1
github.com/test/code-coverage/calculator/calculator.go:58.31,59.14 1 1
github.com/test/code-coverage/calculator/calculator.go:59.14,61.3 1 1
github.com/test/code-coverage/calculator/calculator.go:62.2,63.27 2 1
github.com/test/code-coverage/calculator/calculator.go:63.27,65.3 1 1
github.com/test/code-coverage/calculator/calculator.go:66.2,66.15 1 1
github.com/test/code-coverage/calculator/calculator.go:70.27,71.11 1 1
github.com/test/code-coverage/calculator/calculator.go:71.11,73.3 1 1
github.com/test/code-coverage/calculator/calculator.go:74.2,74.22 1 1
github.com/test/code-coverage/calculator/calculator.go:74.22,76.3 1 1
github.com/test/code-coverage/calculator/calculator.go:77.2,78.26 2 1
github.com/test/code-coverage/calculator/calculator.go:78.26,80.3 1 1
github.com/test/code-coverage/calculator/calculator.go:81.2,81.15 1 1
